// Jest Snapshot v1, https://goo.gl/fbAQLP

exports[`render cities list Should match snapshot 1`] = `undefined`;
