// Jest Snapshot v1, https://goo.gl/fbAQLP

exports[`render loading spinner Should match snapshot 1`] = `undefined`;
