// Jest Snapshot v1, https://goo.gl/fbAQLP

exports[`render header Should match snapshot 1`] = `undefined`;
