// Jest Snapshot v1, https://goo.gl/fbAQLP

exports[`render error component Should match snapshot 1`] = `undefined`;
